
> ptd-phaser-port@1.2.0 build
> vite build

vite v6.4.3 building for production...
transforming...
✓ 64 modules transformed.
rendering chunks...
computing gzip size...
dist/pokecenter.html                        0.76 kB │ gzip:   0.43 kB
dist/index.html                             1.44 kB │ gzip:   0.72 kB
dist/assets/pokecenter-CgXzK5O3.css        28.42 kB │ gzip:   7.21 kB
dist/assets/game-CLRMUl7l.css              29.95 kB │ gzip:   6.90 kB
dist/assets/local-services-BkQCGiYl.js     58.57 kB │ gzip:  21.23 kB
dist/assets/pokecenter-3CZ876A2.js         70.29 kB │ gzip:  21.69 kB
dist/assets/phaser-Czz4FBZH.js          1,481.77 kB │ gzip: 339.84 kB
dist/assets/game-CJfuQsB9.js            1,999.08 kB │ gzip: 250.77 kB

(!) Some chunks are larger than 500 kB after minification. Consider:
- Using dynamic import() to code-split the application
- Use build.rollupOptions.output.manualChunks to improve chunking: https://rollupjs.org/configuration-options/#output-manualchunks
- Adjust chunk size limit for this warning via build.chunkSizeWarningLimit.
✓ built in 14.48s
